
Warning : Images, CSS et Javascript ignor√©s.
Warning : Logs compris entre 20:00:00 et 21:00:00 seulement pris en compte.