
Génération de graphe dans le fichier : fichier.dot
/temps (2 hits)
/temps/3IF38.js (1 hit)
/temps/4IF20.html (1 hit)
/temps/4IF19.css (1 hit)
/temps/4IF18.html (1 hit)
/temps/4IF17.css (1 hit)
/temps/4IF16.html (1 hit)
