
Erreur : l'heure doit Ãªtre comprise entre 0 et 23.
