
Warning : Images, CSS et Javascript ignor√©s.
Warning : Logs compris entre 11h et 12h seulement pris en compte.
/temps (2 hits)
/temps/4IF18.html (1 hit)
/temps/4IF16.html (1 hit)