Warning : parametre inconnu non pris en compte : -h
Warning : parametre inconnu non pris en compte : -W
Warning : parametre inconnu non pris en compte : test.dot