
Warning : Logs compris entre 11h et 12h seulement pris en compte.
/temps (2 hits)
/temps/3IF38.js (1 hit)
/temps/4IF19.css (1 hit)
/temps/4IF18.html (1 hit)
/temps/4IF16.html (1 hit)