
Warning : Images, CSS et Javascript ignorés.

Génération de graphe dans le fichier : fichier.dot
/temps (2 hits)
/temps/4IF20.html (1 hit)
/temps/4IF18.html (1 hit)
/temps/4IF16.html (1 hit)
